// Jest Snapshot v1, https://goo.gl/fbAQLP

exports[`ChartRenderer component renders chart component based on vizState 1`] = `
<div>
  <div
    class="sc-bgqQcB iJsTRS"
  >
    <div
      aria-busy="true"
      aria-live="polite"
      class="ant-spin ant-spin-lg ant-spin-spinning css-dev-only-do-not-override-w8mnev"
    >
      <span
        class="ant-spin-dot ant-spin-dot-spin"
      >
        <i
          class="ant-spin-dot-item"
        />
        <i
          class="ant-spin-dot-item"
        />
        <i
          class="ant-spin-dot-item"
        />
        <i
          class="ant-spin-dot-item"
        />
      </span>
    </div>
  </div>
</div>
`;
